
0) Cabeçalho
============
Data/Hora: 2025-09-09T16:28:14
Python: 3.13.7
Raiz:   /Users/jorgepeixinho/Documents/NetxCloud/projectos/bwb/desenvolvimento/Fichas Tecnicas Valorizadas
Log:    /Users/jorgepeixinho/Documents/NetxCloud/projectos/bwb/desenvolvimento/Fichas Tecnicas Valorizadas/logs/diagnostico_20250909_162814.log

1) Estrutura de Pastas
======================
[OK] Pasta existe: ftv_project
[OK] Pasta existe: ftv_project/ftv
[OK] Pasta existe: ftv_project/ftv/data
[OK] Pasta existe: databases

2) Ficheiros de Fase 1/2/3
==========================
[OK] fase1_datastore: ftv_project/ftv/data/datastore.py
[OK] fase2_repositories: ftv_project/ftv/data/repositories.py
[OK] fase3_migration_sql: ftv_project/ftv/data/migrations/preparacao.sql
[OK] fase3_tools_runner: ftv_project/ftv/tools/run_migration_preparacao.py
[OK] fase3_tools_test: ftv_project/ftv/tools/test_prep_cli.py
[OK] launcher_sugerido: bwb-fichas_tecnicas.py

3) Pacotes Python (__init__.py)
===============================
[OK] Existe: ftv_project/__init__.py
[OK] Existe: ftv_project/ftv/__init__.py
[OK] Existe: ftv_project/ftv/data/__init__.py

- AST de repositories.py
[OK] Sintaxe válida (AST parse ok).
[OK] Classes esperadas encontradas.

4) Base de Dados (databases/ftv.db)
===================================
[OK] BD encontrada: databases/ftv.db
[OK] Ligação SQLite OK.
[OK] Tabela 'produtos' existe.
[OK] Tabela 'produto_preparacao' existe.
[OK] Primeiro código em produtos: '10001'

- Import de ftv_project.ftv.data.repositories
[OK] Import como pacote OK.

5) Teste PreparacaoRepo (get_html / upsert_html)
================================================
[OK] Ligação à BD OK (teste repo).
[OK] Usar código: '10001'
[OK] Leitura OK (primeiros 80 chars): '<p>[diagnóstico] teste gravacao</p>'
[OK] Gravação OK (upsert_html).
[OK] Leitura pós-gravação (primeiros 80): '<p>[diagnóstico] teste gravacao</p>'
[OK] Dry-run ativo: ROLLBACK efetuado.

6) Resumo Final
===============
Pastas        : OK
Fase1/datastore: OK
Fase2/repos    : OK (AST: OK)
Fase3/migração : OK
Tools migração : OK, Teste CLI: OK
Pacotes (__init__): OK
BD (tabelas)  : OK
Import repos  : OK
Teste repo    : OK

Relatório guardado em: /Users/jorgepeixinho/Documents/NetxCloud/projectos/bwb/desenvolvimento/Fichas Tecnicas Valorizadas/logs/diagnostico_20250909_162814.log
[OK] Diagnóstico concluído sem falhas críticas.
