[INFO] Base de dados: /Users/jorgepeixinho/Documents/NetxCloud/projectos/bwb/desenvolvimento/Fichas Tecnicas Valorizadas/databases/ftv.db
[INFO] foreign_keys=ON

TABELAS E VIEWS
--------------------------------------------------------------------------------
Tabelas (10):
  - alergenios
  - fichas_tecnicas
  - precos_taxas
  - produto_alergenio
  - produto_preparacao
  - produtos
  - sqlite_sequence
  - temperaturas
  - tipos_artigos
  - validade

Views (0):

TABELA: alergenios
--------------------------------------------------------------------------------
CREATE SQL:
CREATE TABLE alergenios (
                id   INTEGER PRIMARY KEY,
                nome TEXT UNIQUE NOT NULL,
                ativo INTEGER NOT NULL DEFAULT 1
            )

Colunas:
  - id                   type=INTEGER      notnull=0 pk=1 default=None
  - nome                 type=TEXT         notnull=1 pk=0 default=None
  - ativo                type=INTEGER      notnull=1 pk=0 default=1

Índices:
  - sqlite_autoindex_alergenios_1 unique=True
      colunas: nome

Foreign Keys:
  (sem FKs)

TABELA: fichas_tecnicas
--------------------------------------------------------------------------------
CREATE SQL:
CREATE TABLE fichas_tecnicas (
  produto_codigo    TEXT NOT NULL,
  componente_codigo TEXT,
  componente_nome   TEXT,
  qtd               REAL,
  unidade           TEXT,
  ppu               REAL,
  custo             REAL,
  ordem             INTEGER,
  FOREIGN KEY (produto_codigo) REFERENCES produtos(codigo)
)

Colunas:
  - produto_codigo       type=TEXT         notnull=1 pk=0 default=None
  - componente_codigo    type=TEXT         notnull=0 pk=0 default=None
  - componente_nome      type=TEXT         notnull=0 pk=0 default=None
  - qtd                  type=REAL         notnull=0 pk=0 default=None
  - unidade              type=TEXT         notnull=0 pk=0 default=None
  - ppu                  type=REAL         notnull=0 pk=0 default=None
  - custo                type=REAL         notnull=0 pk=0 default=None
  - ordem                type=INTEGER      notnull=0 pk=0 default=None

Índices:
  - idx_ft_comp unique=False
      colunas: componente_codigo
  - idx_ft_prod unique=False
      colunas: produto_codigo

Foreign Keys:
  - produto_codigo -> produtos(codigo) on_update=NO ACTION on_delete=NO ACTION match=NONE

TABELA: precos_taxas
--------------------------------------------------------------------------------
CREATE SQL:
CREATE TABLE precos_taxas (
  codigo     TEXT NOT NULL,
  loja       TEXT NOT NULL DEFAULT '',
  preco1_g   REAL,
  preco2_g   REAL,
  iva1       REAL,
  ativo      INTEGER DEFAULT 1,
  PRIMARY KEY (codigo, loja),
  FOREIGN KEY (codigo) REFERENCES produtos(codigo)
)

Colunas:
  - codigo               type=TEXT         notnull=1 pk=1 default=None
  - loja                 type=TEXT         notnull=1 pk=2 default=''
  - preco1_g             type=REAL         notnull=0 pk=0 default=None
  - preco2_g             type=REAL         notnull=0 pk=0 default=None
  - iva1                 type=REAL         notnull=0 pk=0 default=None
  - ativo                type=INTEGER      notnull=0 pk=0 default=1

Índices:
  - sqlite_autoindex_precos_taxas_1 unique=True
      colunas: codigo, loja

Foreign Keys:
  - codigo -> produtos(codigo) on_update=NO ACTION on_delete=NO ACTION match=NONE

TABELA: produto_alergenio
--------------------------------------------------------------------------------
CREATE SQL:
CREATE TABLE produto_alergenio (
                produto_codigo TEXT NOT NULL,
                alerg_id       INTEGER NOT NULL,
                PRIMARY KEY (produto_codigo, alerg_id),
                FOREIGN KEY (alerg_id) REFERENCES alergenios(id)
            )

Colunas:
  - produto_codigo       type=TEXT         notnull=1 pk=1 default=None
  - alerg_id             type=INTEGER      notnull=1 pk=2 default=None

Índices:
  - sqlite_autoindex_produto_alergenio_1 unique=True
      colunas: produto_codigo, alerg_id

Foreign Keys:
  - alerg_id -> alergenios(id) on_update=NO ACTION on_delete=NO ACTION match=NONE

TABELA: produto_preparacao
--------------------------------------------------------------------------------
CREATE SQL:
CREATE TABLE produto_preparacao (
                produto_codigo TEXT PRIMARY KEY,
                html           TEXT
            )

Colunas:
  - produto_codigo       type=TEXT         notnull=0 pk=1 default=None
  - html                 type=TEXT         notnull=0 pk=0 default=None

Índices:
  - idx_produto_preparacao_codigo unique=False
      colunas: produto_codigo
  - sqlite_autoindex_produto_preparacao_1 unique=True
      colunas: produto_codigo

Foreign Keys:
  (sem FKs)

TABELA: produtos
--------------------------------------------------------------------------------
CREATE SQL:
CREATE TABLE produtos (
  codigo        TEXT PRIMARY KEY,
  nome          TEXT NOT NULL,
  familia       TEXT,
  subfamilia    TEXT,
  tipo_compra   INTEGER DEFAULT 0,
  tipo_venda    INTEGER DEFAULT 0,
  tipo_producao INTEGER DEFAULT 0,
  tipo_generico INTEGER DEFAULT 0
, tipo_artigo INTEGER, validade_cod INTEGER, temperatura_cod INTEGER, tipo_artigo_cod INTEGER NULL)

Colunas:
  - codigo               type=TEXT         notnull=0 pk=1 default=None
  - nome                 type=TEXT         notnull=1 pk=0 default=None
  - familia              type=TEXT         notnull=0 pk=0 default=None
  - subfamilia           type=TEXT         notnull=0 pk=0 default=None
  - tipo_compra          type=INTEGER      notnull=0 pk=0 default=0
  - tipo_venda           type=INTEGER      notnull=0 pk=0 default=0
  - tipo_producao        type=INTEGER      notnull=0 pk=0 default=0
  - tipo_generico        type=INTEGER      notnull=0 pk=0 default=0
  - tipo_artigo          type=INTEGER      notnull=0 pk=0 default=None
  - validade_cod         type=INTEGER      notnull=0 pk=0 default=None
  - temperatura_cod      type=INTEGER      notnull=0 pk=0 default=None
  - tipo_artigo_cod      type=INTEGER      notnull=0 pk=0 default=None

Índices:
  - ix_prod_temperatura unique=False
      colunas: temperatura_cod
  - ix_prod_validade unique=False
      colunas: validade_cod
  - ix_prod_tipo_artigo unique=False
      colunas: tipo_artigo
  - idx_prod_fam_sub unique=False
      colunas: familia, subfamilia
  - sqlite_autoindex_produtos_1 unique=True
      colunas: codigo

Foreign Keys:
  (sem FKs)

TABELA: sqlite_sequence
--------------------------------------------------------------------------------
CREATE SQL:
CREATE TABLE sqlite_sequence(name,seq)

Colunas:
  - name                 type=-            notnull=0 pk=0 default=None
  - seq                  type=-            notnull=0 pk=0 default=None

Índices:
  (sem índices)

Foreign Keys:
  (sem FKs)

TABELA: temperaturas
--------------------------------------------------------------------------------
CREATE SQL:
CREATE TABLE temperaturas (
            cod INTEGER PRIMARY KEY AUTOINCREMENT,
            descricao TEXT NOT NULL,
            ativo INTEGER NOT NULL DEFAULT 1
        )

Colunas:
  - cod                  type=INTEGER      notnull=0 pk=1 default=None
  - descricao            type=TEXT         notnull=1 pk=0 default=None
  - ativo                type=INTEGER      notnull=1 pk=0 default=1

Índices:
  - ix_temperaturas_ativo unique=False
      colunas: ativo

Foreign Keys:
  (sem FKs)

TABELA: tipos_artigos
--------------------------------------------------------------------------------
CREATE SQL:
CREATE TABLE tipos_artigos (
            cod INTEGER PRIMARY KEY AUTOINCREMENT,
            descricao TEXT NOT NULL,
            ativo INTEGER NOT NULL DEFAULT 1
        )

Colunas:
  - cod                  type=INTEGER      notnull=0 pk=1 default=None
  - descricao            type=TEXT         notnull=1 pk=0 default=None
  - ativo                type=INTEGER      notnull=1 pk=0 default=1

Índices:
  - ix_tipos_ativo unique=False
      colunas: ativo

Foreign Keys:
  (sem FKs)

TABELA: validade
--------------------------------------------------------------------------------
CREATE SQL:
CREATE TABLE validade (
            cod INTEGER PRIMARY KEY AUTOINCREMENT,
            descricao TEXT NOT NULL,
            ativo INTEGER NOT NULL DEFAULT 1
        )

Colunas:
  - cod                  type=INTEGER      notnull=0 pk=1 default=None
  - descricao            type=TEXT         notnull=1 pk=0 default=None
  - ativo                type=INTEGER      notnull=1 pk=0 default=1

Índices:
  - ix_validade_ativo unique=False
      colunas: ativo

Foreign Keys:
  (sem FKs)

RELAÇÕES (via PRAGMA foreign_key_list)
--------------------------------------------------------------------------------
fichas_tecnicas.produto_codigo -> produtos.codigo (on_update=NO ACTION on_delete=NO ACTION)
precos_taxas.codigo -> produtos.codigo (on_update=NO ACTION on_delete=NO ACTION)
produto_alergenio.alerg_id -> alergenios.id (on_update=NO ACTION on_delete=NO ACTION)

CANDIDATOS A 'INGREDIENTES'
--------------------------------------------------------------------------------
  - fichas_tecnicas

FIM
--------------------------------------------------------------------------------
